
> my-project@0.1.0 build
> next build

Ôû▓ Next.js 16.1.6 (Turbopack)
- Environments: .env.local

  Creating an optimized production build ...
node.exe : 
En línea: 1 Carácter: 1
+ & "C:\Program Files\nodejs/node.exe" 
"C:\Program Files\nodejs/node_mo ...
+ ~~~~~~~~~~~~~~~~~~~~~~~~~~~~~~~~~~~~~~
~~~~~~~~~~~~~~~~~~~~~~~~~~~~~~~
    + CategoryInfo          : 
NotSpecified:     (:String) [], 
RemoteException
    + FullyQualifiedErrorId : 
NativeCommandE    rror
 
> Build error occurred
Error: Turbopack build failed with 2 
errors:
./app/(dashboard)/informes/nuevo/carga-d
e-fuego/page.tsx:23:43
Export calcularFormulario doesn't exist 
in target module
[0m [90m 21 |[39m
 [90m 22 |[39m [36mimport[39m { 
[33mDEFAULT_FORM_STATE[39m[33m,[39m 
[33mSTEPS[39m } [36mfrom[39m 
[32m"@/lib/store"[39m
[31m[1m>[22m[39m[90m 23 |[39m 
[36mimport[39m type { 
[33mFormState[39m } [36mfrom[39m 
[32m"@/lib/types"[39m
 [90m    |[39m                        
                   
[31m[1m^[22m[39m[31m[1m^[22m[39m
[31m[1m>[22m[39m[90m 24 |[39m 
[36mimport[39m { calcularFormulario } 
[36mfrom[39m 
[32m"@/lib/calculos"[39m
 [90m    |[39m [31m[1m^[22m[39m[3
1m[1m^[22m[39m[31m[1m^[22m[39m[3
1m[1m^[22m[39m[31m[1m^[22m[39m[3
1m[1m^[22m[39m[31m[1m^[22m[39m[3
1m[1m^[22m[39m[31m[1m^[22m[39m[3
1m[1m^[22m[39m[31m[1m^[22m[39m[3
1m[1m^[22m[39m[31m[1m^[22m[39m[3
1m[1m^[22m[39m[31m[1m^[22m[39m[3
1m[1m^[22m[39m[31m[1m^[22m[39m[3
1m[1m^[22m[39m[31m[1m^[22m[39m[3
1m[1m^[22m[39m[31m[1m^[22m[39m[3
1m[1m^[22m[39m[31m[1m^[22m[39m[3
1m[1m^[22m[39m[31m[1m^[22m[39m[3
1m[1m^[22m[39m[31m[1m^[22m[39m[3
1m[1m^[22m[39m[31m[1m^[22m[39m[3
1m[1m^[22m[39m[31m[1m^[22m[39m[3
1m[1m^[22m[39m[31m[1m^[22m[39m[3
1m[1m^[22m[39m[31m[1m^[22m[39m[3
1m[1m^[22m[39m[31m[1m^[22m[39m[3
1m[1m^[22m[39m[31m[1m^[22m[39m[3
1m[1m^[22m[39m[31m[1m^[22m[39m[3
1m[1m^[22m[39m[31m[1m^[22m[39m[3
1m[1m^[22m[39m[31m[1m^[22m[39m[3
1m[1m^[22m[39m[31m[1m^[22m[39m[3
1m[1m^[22m[39m[31m[1m^[22m[39m
 [90m 25 |[39m
 [90m 26 |[39m [36mfunction[39m 
[33mWizardContent[39m() {
 [90m 27 |[39m   [36mconst[39m 
searchParams [33m=[39m 
useSearchParams()[0m

The export calcularFormulario was not 
found in module 
[project]/lib/calculos.ts [app-client] 
(ecmascript).
Did you mean to import calcularTodo?
All exports of the module are 
statically known (It doesn't have 
dynamic exports). So it's known 
statically that the requested export 
doesn't exist.

Import traces:
  Client Component Browser:
    ./app/(dashboard)/informes/nuevo/car
ga-de-fuego/page.tsx [Client Component 
Browser]
    ./app/(dashboard)/informes/nuevo/car
ga-de-fuego/page.tsx [Server Component]

  Client Component SSR:
    ./app/(dashboard)/informes/nuevo/car
ga-de-fuego/page.tsx [Client Component 
SSR]
    ./app/(dashboard)/informes/nuevo/car
ga-de-fuego/page.tsx [Server Component]


./app/(dashboard)/informes/nuevo/carga-d
e-fuego/page.tsx:23:43
Export calcularFormulario doesn't exist 
in target module
[0m [90m 21 |[39m
 [90m 22 |[39m [36mimport[39m { 
[33mDEFAULT_FORM_STATE[39m[33m,[39m 
[33mSTEPS[39m } [36mfrom[39m 
[32m"@/lib/store"[39m
[31m[1m>[22m[39m[90m 23 |[39m 
[36mimport[39m type { 
[33mFormState[39m } [36mfrom[39m 
[32m"@/lib/types"[39m
 [90m    |[39m                        
                   
[31m[1m^[22m[39m[31m[1m^[22m[39m
[31m[1m>[22m[39m[90m 24 |[39m 
[36mimport[39m { calcularFormulario } 
[36mfrom[39m 
[32m"@/lib/calculos"[39m
 [90m    |[39m [31m[1m^[22m[39m[3
1m[1m^[22m[39m[31m[1m^[22m[39m[3
1m[1m^[22m[39m[31m[1m^[22m[39m[3
1m[1m^[22m[39m[31m[1m^[22m[39m[3
1m[1m^[22m[39m[31m[1m^[22m[39m[3
1m[1m^[22m[39m[31m[1m^[22m[39m[3
1m[1m^[22m[39m[31m[1m^[22m[39m[3
1m[1m^[22m[39m[31m[1m^[22m[39m[3
1m[1m^[22m[39m[31m[1m^[22m[39m[3
1m[1m^[22m[39m[31m[1m^[22m[39m[3
1m[1m^[22m[39m[31m[1m^[22m[39m[3
1m[1m^[22m[39m[31m[1m^[22m[39m[3
1m[1m^[22m[39m[31m[1m^[22m[39m[3
1m[1m^[22m[39m[31m[1m^[22m[39m[3
1m[1m^[22m[39m[31m[1m^[22m[39m[3
1m[1m^[22m[39m[31m[1m^[22m[39m[3
1m[1m^[22m[39m[31m[1m^[22m[39m[3
1m[1m^[22m[39m[31m[1m^[22m[39m[3
1m[1m^[22m[39m[31m[1m^[22m[39m[3
1m[1m^[22m[39m[31m[1m^[22m[39m[3
1m[1m^[22m[39m[31m[1m^[22m[39m[3
1m[1m^[22m[39m[31m[1m^[22m[39m[3
1m[1m^[22m[39m[31m[1m^[22m[39m[3
1m[1m^[22m[39m[31m[1m^[22m[39m[3
1m[1m^[22m[39m[31m[1m^[22m[39m
 [90m 25 |[39m
 [90m 26 |[39m [36mfunction[39m 
[33mWizardContent[39m() {
 [90m 27 |[39m   [36mconst[39m 
searchParams [33m=[39m 
useSearchParams()[0m

The export calcularFormulario was not 
found in module 
[project]/lib/calculos.ts [app-ssr] 
(ecmascript).
Did you mean to import calcularTodo?
All exports of the module are 
statically known (It doesn't have 
dynamic exports). So it's known 
statically that the requested export 
doesn't exist.

Import traces:
  Client Component Browser:
    ./app/(dashboard)/informes/nuevo/car
ga-de-fuego/page.tsx [Client Component 
Browser]
    ./app/(dashboard)/informes/nuevo/car
ga-de-fuego/page.tsx [Server Component]

  Client Component SSR:
    ./app/(dashboard)/informes/nuevo/car
ga-de-fuego/page.tsx [Client Component 
SSR]
    ./app/(dashboard)/informes/nuevo/car
ga-de-fuego/page.tsx [Server Component]


    at <unknown> (./app/(dashboard)/info
rmes/nuevo/carga-de-fuego/page.tsx:23:43
)
    at <unknown> (./app/(dashboard)/info
rmes/nuevo/carga-de-fuego/page.tsx:23:43
)
